* installing *source* package ‘jmleIRT’ ...
** this is package ‘jmleIRT’ version ‘0.0.2-5’
** using staged installation
** libs
using C++ compiler: ‘Homebrew clang version 21.1.6’
using SDK: ‘MacOSX26.1.sdk’
/opt/homebrew/opt/llvm/bin/clang++ -I"/Library/Frameworks/R.framework/Resources/include" -DNDEBUG  -I'/Library/Frameworks/R.framework/Versions/4.5-arm64/Resources/library/Rcpp/include' -I'/Library/Frameworks/R.framework/Versions/4.5-arm64/Resources/library/RcppEigen/include' -I"/opt/homebrew/opt/gettext/include" -I"/opt/homebrew/opt/llvm/include" -I"/opt/homebrew/opt/libomp/include" -isysroot "/Applications/Xcode.app/Contents/Developer/Platforms/MacOSX.platform/Developer/SDKs/MacOSX.sdk" -Xclang -fopenmp    -fPIC  -g -O3 -Wall -pedantic -std=c++11 -mtune=native -pipe  -c RcppExports.cpp -o RcppExports.o
In file included from RcppExports.cpp:4:
In file included from /Library/Frameworks/R.framework/Versions/4.5-arm64/Resources/library/RcppEigen/include/RcppEigen.h:25:
In file included from /Library/Frameworks/R.framework/Versions/4.5-arm64/Resources/library/RcppEigen/include/RcppEigenForward.h:26:
In file included from /Library/Frameworks/R.framework/Versions/4.5-arm64/Resources/library/Rcpp/include/RcppCommon.h:30:
In file included from /Library/Frameworks/R.framework/Versions/4.5-arm64/Resources/library/Rcpp/include/Rcpp/r/headers.h:70:
In file included from /Library/Frameworks/R.framework/Resources/include/R.h:70:
/Library/Frameworks/R.framework/Resources/include/R_ext/Boolean.h:62:36: warning: unknown warning group '-Wfixed-enum-extension', ignored [-Wunknown-warning-option]
   62 | #  pragma clang diagnostic ignored "-Wfixed-enum-extension"
      |                                    ^
In file included from RcppExports.cpp:4:
In file included from /Library/Frameworks/R.framework/Versions/4.5-arm64/Resources/library/RcppEigen/include/RcppEigen.h:25:
In file included from /Library/Frameworks/R.framework/Versions/4.5-arm64/Resources/library/RcppEigen/include/RcppEigenForward.h:29:
In file included from /Library/Frameworks/R.framework/Versions/4.5-arm64/Resources/library/RcppEigen/include/Eigen/Sparse:26:
In file included from /Library/Frameworks/R.framework/Versions/4.5-arm64/Resources/library/RcppEigen/include/Eigen/SparseCore:61:
/Library/Frameworks/R.framework/Versions/4.5-arm64/Resources/library/RcppEigen/include/Eigen/src/SparseCore/TriangularSolver.h:273:13: warning: variable 'count' set but not used [-Wunused-but-set-variable]
  273 |       Index count = 0;
      |             ^
In file included from RcppExports.cpp:4:
In file included from /Library/Frameworks/R.framework/Versions/4.5-arm64/Resources/library/RcppEigen/include/RcppEigen.h:25:
In file included from /Library/Frameworks/R.framework/Versions/4.5-arm64/Resources/library/RcppEigen/include/RcppEigenForward.h:29:
In file included from /Library/Frameworks/R.framework/Versions/4.5-arm64/Resources/library/RcppEigen/include/Eigen/Sparse:29:
In file included from /Library/Frameworks/R.framework/Versions/4.5-arm64/Resources/library/RcppEigen/include/Eigen/SparseLU:35:
/Library/Frameworks/R.framework/Versions/4.5-arm64/Resources/library/RcppEigen/include/Eigen/src/SparseLU/SparseLU_heap_relax_snode.h:78:9: warning: variable 'nsuper_et_post' set but not used [-Wunused-but-set-variable]
   78 |   Index nsuper_et_post = 0; // Number of relaxed snodes in postordered etree 
      |         ^
/Library/Frameworks/R.framework/Versions/4.5-arm64/Resources/library/RcppEigen/include/Eigen/src/SparseLU/SparseLU_heap_relax_snode.h:79:9: warning: variable 'nsuper_et' set but not used [-Wunused-but-set-variable]
   79 |   Index nsuper_et = 0; // Number of relaxed snodes in the original etree 
      |         ^
In file included from RcppExports.cpp:4:
In file included from /Library/Frameworks/R.framework/Versions/4.5-arm64/Resources/library/RcppEigen/include/RcppEigen.h:25:
In file included from /Library/Frameworks/R.framework/Versions/4.5-arm64/Resources/library/RcppEigen/include/RcppEigenForward.h:31:
In file included from /Library/Frameworks/R.framework/Versions/4.5-arm64/Resources/library/RcppEigen/include/unsupported/Eigen/IterativeSolvers:46:
/Library/Frameworks/R.framework/Versions/4.5-arm64/Resources/library/RcppEigen/include/unsupported/Eigen/src/IterativeSolvers/IDRS.h:72:10: warning: variable 'replacements' set but not used [-Wunused-but-set-variable]
   72 |                         Index replacements = 0;
      |                               ^
In file included from RcppExports.cpp:4:
In file included from /Library/Frameworks/R.framework/Versions/4.5-arm64/Resources/library/RcppEigen/include/RcppEigen.h:25:
In file included from /Library/Frameworks/R.framework/Versions/4.5-arm64/Resources/library/RcppEigen/include/RcppEigenForward.h:37:
In file included from /Library/Frameworks/R.framework/Versions/4.5-arm64/Resources/library/RcppEigen/include/unsupported/Eigen/SparseExtra:45:
/Library/Frameworks/R.framework/Versions/4.5-arm64/Resources/library/RcppEigen/include/unsupported/Eigen/src/SparseExtra/MarketIO.h:246:7: warning: variable 'count' set but not used [-Wunused-but-set-variable]
  246 |   int count = 0;
      |       ^
6 warnings generated.
/opt/homebrew/opt/llvm/bin/clang++ -I"/Library/Frameworks/R.framework/Resources/include" -DNDEBUG  -I'/Library/Frameworks/R.framework/Versions/4.5-arm64/Resources/library/Rcpp/include' -I'/Library/Frameworks/R.framework/Versions/4.5-arm64/Resources/library/RcppEigen/include' -I"/opt/homebrew/opt/gettext/include" -I"/opt/homebrew/opt/llvm/include" -I"/opt/homebrew/opt/libomp/include" -isysroot "/Applications/Xcode.app/Contents/Developer/Platforms/MacOSX.platform/Developer/SDKs/MacOSX.sdk" -Xclang -fopenmp    -fPIC  -g -O3 -Wall -pedantic -std=c++11 -mtune=native -pipe  -c bias_correction.cpp -o bias_correction.o
In file included from bias_correction.cpp:1:
In file included from /Library/Frameworks/R.framework/Versions/4.5-arm64/Resources/library/Rcpp/include/Rcpp.h:27:
In file included from /Library/Frameworks/R.framework/Versions/4.5-arm64/Resources/library/Rcpp/include/RcppCommon.h:30:
In file included from /Library/Frameworks/R.framework/Versions/4.5-arm64/Resources/library/Rcpp/include/Rcpp/r/headers.h:70:
In file included from /Library/Frameworks/R.framework/Resources/include/R.h:70:
/Library/Frameworks/R.framework/Resources/include/R_ext/Boolean.h:62:36: warning: unknown warning group '-Wfixed-enum-extension', ignored [-Wunknown-warning-option]
   62 | #  pragma clang diagnostic ignored "-Wfixed-enum-extension"
      |                                    ^
1 warning generated.
/opt/homebrew/opt/llvm/bin/clang++ -I"/Library/Frameworks/R.framework/Resources/include" -DNDEBUG  -I'/Library/Frameworks/R.framework/Versions/4.5-arm64/Resources/library/Rcpp/include' -I'/Library/Frameworks/R.framework/Versions/4.5-arm64/Resources/library/RcppEigen/include' -I"/opt/homebrew/opt/gettext/include" -I"/opt/homebrew/opt/llvm/include" -I"/opt/homebrew/opt/libomp/include" -isysroot "/Applications/Xcode.app/Contents/Developer/Platforms/MacOSX.platform/Developer/SDKs/MacOSX.sdk" -Xclang -fopenmp    -fPIC  -g -O3 -Wall -pedantic -std=c++11 -mtune=native -pipe  -c estimate_jmle.cpp -o estimate_jmle.o
In file included from estimate_jmle.cpp:1:
In file included from /Library/Frameworks/R.framework/Versions/4.5-arm64/Resources/library/Rcpp/include/Rcpp.h:27:
In file included from /Library/Frameworks/R.framework/Versions/4.5-arm64/Resources/library/Rcpp/include/RcppCommon.h:30:
In file included from /Library/Frameworks/R.framework/Versions/4.5-arm64/Resources/library/Rcpp/include/Rcpp/r/headers.h:70:
In file included from /Library/Frameworks/R.framework/Resources/include/R.h:70:
/Library/Frameworks/R.framework/Resources/include/R_ext/Boolean.h:62:36: warning: unknown warning group '-Wfixed-enum-extension', ignored [-Wunknown-warning-option]
   62 | #  pragma clang diagnostic ignored "-Wfixed-enum-extension"
      |                                    ^
estimate_jmle.cpp:315:16: warning: unused variable 'ridge_theta' [-Wunused-variable]
  315 |   const double ridge_theta = 1e-3;
      |                ^~~~~~~~~~~
estimate_jmle.cpp:316:16: warning: unused variable 'ridge_beta' [-Wunused-variable]
  316 |   const double ridge_beta = 1e-3;
      |                ^~~~~~~~~~
3 warnings generated.
/opt/homebrew/opt/llvm/bin/clang++ -I"/Library/Frameworks/R.framework/Resources/include" -DNDEBUG  -I'/Library/Frameworks/R.framework/Versions/4.5-arm64/Resources/library/Rcpp/include' -I'/Library/Frameworks/R.framework/Versions/4.5-arm64/Resources/library/RcppEigen/include' -I"/opt/homebrew/opt/gettext/include" -I"/opt/homebrew/opt/llvm/include" -I"/opt/homebrew/opt/libomp/include" -isysroot "/Applications/Xcode.app/Contents/Developer/Platforms/MacOSX.platform/Developer/SDKs/MacOSX.sdk" -Xclang -fopenmp    -fPIC  -g -O3 -Wall -pedantic -std=c++11 -mtune=native -pipe  -c prox_algorithm.cpp -o prox_algorithm.o
In file included from prox_algorithm.cpp:1:
In file included from /Library/Frameworks/R.framework/Versions/4.5-arm64/Resources/library/Rcpp/include/Rcpp.h:27:
In file included from /Library/Frameworks/R.framework/Versions/4.5-arm64/Resources/library/Rcpp/include/RcppCommon.h:30:
In file included from /Library/Frameworks/R.framework/Versions/4.5-arm64/Resources/library/Rcpp/include/Rcpp/r/headers.h:70:
In file included from /Library/Frameworks/R.framework/Resources/include/R.h:70:
/Library/Frameworks/R.framework/Resources/include/R_ext/Boolean.h:62:36: warning: unknown warning group '-Wfixed-enum-extension', ignored [-Wunknown-warning-option]
   62 | #  pragma clang diagnostic ignored "-Wfixed-enum-extension"
      |                                    ^
1 warning generated.
/opt/homebrew/opt/llvm/bin/clang++ -dynamiclib -Wl,-headerpad_max_install_names -undefined dynamic_lookup -L/Library/Frameworks/R.framework/Resources/lib -L/opt/homebrew/opt/llvm/lib -L/opt/homebrew/opt/gettext/lib -Wl,-rpath,/opt/homebrew/opt/llvm/lib --sysroot=/Applications/Xcode.app/Contents/Developer/Platforms/MacOSX.platform/Developer/SDKs/MacOSX.sdk -lomp -o jmleIRT.so RcppExports.o bias_correction.o estimate_jmle.o prox_algorithm.o -F/Library/Frameworks/R.framework/.. -framework R
installing to /Users/jansteinfeld/SynologyDrive/GIT/jmleIRT/jmleIRT.Rcheck/00LOCK-jmleIRT/00new/jmleIRT/libs
** R
** inst
** byte-compile and prepare package for lazy loading
** help
Warning: /Users/jansteinfeld/SynologyDrive/GIT/jmleIRT/jmleIRT.Rcheck/00_pkg_src/jmleIRT/man/biasCorrection.Rd:10: unknown macro '\hat'
Warning: /Users/jansteinfeld/SynologyDrive/GIT/jmleIRT/jmleIRT.Rcheck/00_pkg_src/jmleIRT/man/biasCorrection.Rd:10: unknown macro '\theta'
Warning: /Users/jansteinfeld/SynologyDrive/GIT/jmleIRT/jmleIRT.Rcheck/00_pkg_src/jmleIRT/man/biasCorrection.Rd:12: unknown macro '\hat'
Warning: /Users/jansteinfeld/SynologyDrive/GIT/jmleIRT/jmleIRT.Rcheck/00_pkg_src/jmleIRT/man/biasCorrection.Rd:12: unknown macro '\beta'
Warning: /Users/jansteinfeld/SynologyDrive/GIT/jmleIRT/jmleIRT.Rcheck/00_pkg_src/jmleIRT/man/biasCorrection.Rd:39: unknown macro '\hat'
Warning: /Users/jansteinfeld/SynologyDrive/GIT/jmleIRT/jmleIRT.Rcheck/00_pkg_src/jmleIRT/man/biasCorrection.Rd:45: unknown macro '\frac'
Warning: /Users/jansteinfeld/SynologyDrive/GIT/jmleIRT/jmleIRT.Rcheck/00_pkg_src/jmleIRT/man/biasCorrection.Rd:45: unknown macro '\theta'
Warning: /Users/jansteinfeld/SynologyDrive/GIT/jmleIRT/jmleIRT.Rcheck/00_pkg_src/jmleIRT/man/biasCorrection.Rd:45: unknown macro '\beta'
Warning: /Users/jansteinfeld/SynologyDrive/GIT/jmleIRT/jmleIRT.Rcheck/00_pkg_src/jmleIRT/man/biasCorrection.Rd:45: unknown macro '\theta'
Warning: /Users/jansteinfeld/SynologyDrive/GIT/jmleIRT/jmleIRT.Rcheck/00_pkg_src/jmleIRT/man/biasCorrection.Rd:45: unknown macro '\beta'
*** installing help indices
*** copying figures
** building package indices
** installing vignettes
** testing if installed package can be loaded from temporary location
** checking absolute paths in shared objects and dynamic libraries
** testing if installed package can be loaded from final location
** testing if installed package keeps a record of temporary installation path
* DONE (jmleIRT)
